*****************************************************************
      SolidWorks Corporation - Informe de estado del procesador de IGES
*****************************************************************
=================================================================
Información general
=================================================================
Enviando I.D. de producto de sistema  : 
Recibiendo I.D. de producto de sistema: 
Nombre de archivo                    : A4D-5335
Enviando sistema               : Autodesk Inventor 2014
Versión de preprocesador         : unknown
Fecha de creación del archivo           : 20170217.112319
Fecha de creación del modelo          : 
Unidades                        : MM
Escala espacial del modelo            : 1
Autor                       : mgarcia
Organización                 : 


=================================================================
Información de procesamiento de entidades
=================================================================


=================================================================
Análisis de precisión del archivo de IGES:
=================================================================
  Número de dígitos significativos más frecuente:               5
  Número de dígitos significativos más alto:                     14
  Número de dígitos significativos promedio:                4.37788
  Distancia máxima hasta el origen:                          29.1856
  Distancia mínima hasta el origen:                     1.22173e-016
  Número de dígitos significativos efectivo:                   14


=================================================================
Resumen de entidades
=================================================================
-----------------------------------------------------------------
Nombre de tipo                                         Número convertido
---- ----                                         ----- ---------
126  Rational B-spline curve                         34        34
128  Rational B-spline surface                       13        13
186  Manifold Solid B-rep Object                      1         1
314  Color definition                                 1         1
406  Property                                         2         2
502  Vertex list                                      1         1
504  Edge entity                                      1         1
508  Loop entity                                     18        18
510  Face entity                                     13        13
514  Shell entity                                     1         1
_________________________________________________________________


=================================================================
Resumen de resultados
=================================================================
Tipo de operación de SolidWorks                Número
-----------------------                -----
Operaciones sólidas1
Operaciones de superficie0
Operaciones de curvas/croquis0
--------------------------------------------
Hora de comienzo: domingo, febrero 19, 2017 08:25:11
Hora de finalización: domingo, febrero 19, 2017 08:25:12
Tiempo de procesamiento: 0 days, 00 hours, 00 mins, 01 secs
